// Jest Snapshot v1, https://goo.gl/fbAQLP

exports[`ClientCard renders the ClientCard component 1`] = `"<div><div class="ClientCardLayout__Card-sc-opbt8b-0 iSKXzI"><div class="sc-jsJBEP gDratY"><div class="sc-eeDRCY qRuhs"><div class="ClientCardLayout__Centered-sc-opbt8b-1 gEMTqb"><div role="heading" aria-level="5" class="sc-kAyceB eTjleT">Federico Garcia</div><div class="Spacing__SpaceRight-sc-11df7di-0 latkgH"></div><div color="green" class="sc-bmzYkS evAJPt"><svg color="green" width="20px" fill="none" viewBox="0 0 28 28" class="sc-kpDqfm fxbHNO"><path fill-rule="evenodd" clip-rule="evenodd" d="M19.996 9.56a.778.778 0 0 1 0 1.1l-7.78 7.78a.778.778 0 0 1-1.1 0l-3.112-3.112a.778.778 0 0 1 1.1-1.1l2.562 2.562 7.23-7.23a.778.778 0 0 1 1.1 0Z"></path></svg><span color="inherit" class="sc-iGgWBj djeqlO">Onboarding completo</span></div></div></div><div class="sc-eeDRCY fbRmQB"><div class="ValidationList__Card-sc-zx6xp2-0 edAsZc"><div><div spacing="s" class="sc-jsJBEP eNXzoM"><div class="sc-eeDRCY gNxwjx"><div class="ValidationList__Centered-sc-zx6xp2-1 fOVA-Do"><div color="green" class="sc-bmzYkS evAJPt"><svg color="green" width="20px" fill="none" viewBox="0 0 28 28" class="sc-kpDqfm fxbHNO"><path fill-rule="evenodd" clip-rule="evenodd" d="M19.996 9.56a.778.778 0 0 1 0 1.1l-7.78 7.78a.778.778 0 0 1-1.1 0l-3.112-3.112a.778.778 0 0 1 1.1-1.1l2.562 2.562 7.23-7.23a.778.778 0 0 1 1.1 0Z"></path></svg><span color="inherit" class="sc-iGgWBj djeqlO">Email Validado</span></div><div class="Spacing__SpaceRight-sc-11df7di-0 bsMTuc"></div><span color="neutral" class="sc-iGgWBj emVxnH">El cliente ya validó su correo electrónico</span></div></div></div><div class="Spacing__SpaceTop-sc-11df7di-1 gIigKZ"></div></div><div><div spacing="s" class="sc-jsJBEP eNXzoM"><div class="sc-eeDRCY gNxwjx"><div class="ValidationList__Centered-sc-zx6xp2-1 fOVA-Do"><div color="green" class="sc-bmzYkS evAJPt"><svg color="green" width="20px" fill="none" viewBox="0 0 28 28" class="sc-kpDqfm fxbHNO"><path fill-rule="evenodd" clip-rule="evenodd" d="M19.996 9.56a.778.778 0 0 1 0 1.1l-7.78 7.78a.778.778 0 0 1-1.1 0l-3.112-3.112a.778.778 0 0 1 1.1-1.1l2.562 2.562 7.23-7.23a.778.778 0 0 1 1.1 0Z"></path></svg><span color="inherit" class="sc-iGgWBj djeqlO">Validado en Renaper</span></div><div class="Spacing__SpaceRight-sc-11df7di-0 bsMTuc"></div><span color="neutral" class="sc-iGgWBj emVxnH">El cliente ya validó su identidad en el Registro Nacional de las Personas</span></div></div></div><div class="Spacing__SpaceTop-sc-11df7di-1 gIigKZ"></div></div><div><div spacing="s" class="sc-jsJBEP eNXzoM"><div class="sc-eeDRCY gNxwjx"><div class="ValidationList__Centered-sc-zx6xp2-1 fOVA-Do"><div color="green" class="sc-bmzYkS evAJPt"><svg color="green" width="20px" fill="none" viewBox="0 0 28 28" class="sc-kpDqfm fxbHNO"><path fill-rule="evenodd" clip-rule="evenodd" d="M19.996 9.56a.778.778 0 0 1 0 1.1l-7.78 7.78a.778.778 0 0 1-1.1 0l-3.112-3.112a.778.778 0 0 1 1.1-1.1l2.562 2.562 7.23-7.23a.778.778 0 0 1 1.1 0Z"></path></svg><span color="inherit" class="sc-iGgWBj djeqlO">Validado en Facephi</span></div><div class="Spacing__SpaceRight-sc-11df7di-0 bsMTuc"></div><span color="neutral" class="sc-iGgWBj emVxnH">El cliente ya validó su identidad biométrica</span></div></div></div><div class="Spacing__SpaceTop-sc-11df7di-1 gIigKZ"></div></div></div><div class="Spacing__SpaceTop-sc-11df7di-1 fcjMYq"></div><table class="DataContainer__Table-sc-122pn0e-0 iBvYho"><tbody><tr><td><div class="DataContainer__Centered-sc-122pn0e-1 byuuFh"><span color="neutral" class="sc-iGgWBj emVxnH">Fecha de Nacimiento</span><div class="Spacing__SpaceRight-sc-11df7di-0 latkgH"></div><span class="sc-iGgWBj GArsk">1/23/1983</span></div></td></tr><tr><td><div class="DataContainer__Centered-sc-122pn0e-1 byuuFh"><span color="neutral" class="sc-iGgWBj emVxnH">Email</span><div class="Spacing__SpaceRight-sc-11df7di-0 latkgH"></div><span class="sc-iGgWBj GArsk">federico@gmail.com</span></div></td></tr><tr><td><div class="DataContainer__Centered-sc-122pn0e-1 byuuFh"><span color="neutral" class="sc-iGgWBj emVxnH">Dirección Legal</span><div class="Spacing__SpaceRight-sc-11df7di-0 latkgH"></div><span class="sc-iGgWBj GArsk">AV. Corrientes • 1700 • Neuquen</span></div></td></tr><tr><td><div class="DataContainer__Centered-sc-122pn0e-1 byuuFh"><span color="neutral" class="sc-iGgWBj emVxnH">Teléfono</span><div class="Spacing__SpaceRight-sc-11df7di-0 latkgH"></div><span class="sc-iGgWBj GArsk">356 - 55512345</span></div></td></tr><tr><td><div class="DataContainer__Centered-sc-122pn0e-1 byuuFh"><span color="neutral" class="sc-iGgWBj emVxnH">DNI</span><div class="Spacing__SpaceRight-sc-11df7di-0 latkgH"></div><span class="sc-iGgWBj GArsk">30000000</span></div></td></tr><tr><td><div class="DataContainer__Centered-sc-122pn0e-1 byuuFh"><span color="neutral" class="sc-iGgWBj emVxnH">Fecha de caducidad del documento</span><div class="Spacing__SpaceRight-sc-11df7di-0 latkgH"></div><span class="sc-iGgWBj GArsk">12/29/2023</span></div></td></tr></tbody></table></div></div></div></div>"`;

exports[`ClientCard renders the ClientCard component 2`] = `"<div><div class="ClientCardLayout__Card-sc-opbt8b-0 iSKXzI"><div class="sc-jsJBEP gDratY"><div class="sc-eeDRCY qRuhs"><div class="ClientCardLayout__Centered-sc-opbt8b-1 gEMTqb"><div role="heading" aria-level="5" class="sc-kAyceB eTjleT">Federico Garcia</div><div class="Spacing__SpaceRight-sc-11df7di-0 latkgH"></div><div color="green" class="sc-bmzYkS evAJPt"><svg color="green" width="20px" fill="none" viewBox="0 0 28 28" class="sc-kpDqfm fxbHNO"><path fill-rule="evenodd" clip-rule="evenodd" d="M19.996 9.56a.778.778 0 0 1 0 1.1l-7.78 7.78a.778.778 0 0 1-1.1 0l-3.112-3.112a.778.778 0 0 1 1.1-1.1l2.562 2.562 7.23-7.23a.778.778 0 0 1 1.1 0Z"></path></svg><span color="inherit" class="sc-iGgWBj djeqlO">Onboarding completo</span></div></div></div><div class="sc-eeDRCY juJzqb"><button class="sc-fHjqPf dUMcZa"><label aria-label="Reenviar email"><div color="inherit" role="heading" aria-level="6" class="sc-kAyceB ffHZfz">Reenviar email</div></label><svg color="white" width="20px" fill="none" viewBox="0 0 28 28" class="sc-kpDqfm jokLXb"><path fill-rule="evenodd" clip-rule="evenodd" d="M6.22 10.11a2.334 2.334 0 0 1 2.334-2.334h10.892a2.334 2.334 0 0 1 2.334 2.334v7.779a2.334 2.334 0 0 1-2.334 2.335H8.554A2.334 2.334 0 0 1 6.22 17.89V10.11Zm1.556 2.232v5.548c0 .43.349.778.778.778h10.892c.43 0 .778-.348.778-.778v-5.548l-4.93 3.286a2.334 2.334 0 0 1-2.589 0l-4.929-3.286Zm12.448-1.87-5.793 3.861a.778.778 0 0 1-.862 0l-5.793-3.861v-.362c0-.43.349-.778.778-.778h10.892c.43 0 .778.348.778.778v.362Z"></path></svg></button></div><div class="sc-eeDRCY fbRmQB"><div class="ValidationList__Card-sc-zx6xp2-0 edAsZc"><div><div spacing="s" class="sc-jsJBEP eNXzoM"><div class="sc-eeDRCY gNxwjx"><div class="ValidationList__Centered-sc-zx6xp2-1 fOVA-Do"><div color="red" class="sc-bmzYkS hwfFMR"><svg color="red" width="20px" fill="none" viewBox="0 0 28 28" class="sc-kpDqfm dFcenU"><path fill-rule="evenodd" clip-rule="evenodd" d="M11.98 8.168c.898-1.555 3.142-1.555 4.04 0l5.387 9.331c.898 1.555-.224 3.5-2.02 3.5H8.613c-1.796 0-2.918-1.945-2.02-3.5l5.387-9.33Zm2.693.778a.778.778 0 0 0-1.346 0l-5.388 9.33a.778.778 0 0 0 .674 1.167h10.774a.778.778 0 0 0 .674-1.166l-5.388-9.331ZM14 11.667c.43 0 .778.348.778.778V14a.778.778 0 0 1-1.556 0v-1.555c0-.43.349-.778.778-.778Zm-.778 5.443c0-.43.349-.777.778-.777h.008a.778.778 0 0 1 0 1.555H14a.778.778 0 0 1-.778-.778Z"></path></svg><span color="inherit" class="sc-iGgWBj djeqlO">Email no validado</span></div><div class="Spacing__SpaceRight-sc-11df7di-0 bsMTuc"></div><span color="neutral" class="sc-iGgWBj emVxnH">El cliente aún no validó su correo electrónico</span></div></div></div><div class="Spacing__SpaceTop-sc-11df7di-1 gIigKZ"></div></div><div><div spacing="s" class="sc-jsJBEP eNXzoM"><div class="sc-eeDRCY gNxwjx"><div class="ValidationList__Centered-sc-zx6xp2-1 fOVA-Do"><div color="red" class="sc-bmzYkS hwfFMR"><svg color="red" width="20px" fill="none" viewBox="0 0 28 28" class="sc-kpDqfm dFcenU"><path fill-rule="evenodd" clip-rule="evenodd" d="M11.98 8.168c.898-1.555 3.142-1.555 4.04 0l5.387 9.331c.898 1.555-.224 3.5-2.02 3.5H8.613c-1.796 0-2.918-1.945-2.02-3.5l5.387-9.33Zm2.693.778a.778.778 0 0 0-1.346 0l-5.388 9.33a.778.778 0 0 0 .674 1.167h10.774a.778.778 0 0 0 .674-1.166l-5.388-9.331ZM14 11.667c.43 0 .778.348.778.778V14a.778.778 0 0 1-1.556 0v-1.555c0-.43.349-.778.778-.778Zm-.778 5.443c0-.43.349-.777.778-.777h.008a.778.778 0 0 1 0 1.555H14a.778.778 0 0 1-.778-.778Z"></path></svg><span color="inherit" class="sc-iGgWBj djeqlO">No Validado en Renaper</span></div><div class="Spacing__SpaceRight-sc-11df7di-0 bsMTuc"></div><span color="neutral" class="sc-iGgWBj emVxnH">El cliente no validó su identidad en el Registro Nacional de las Personas</span></div></div></div><div class="Spacing__SpaceTop-sc-11df7di-1 gIigKZ"></div></div><div><div spacing="s" class="sc-jsJBEP eNXzoM"><div class="sc-eeDRCY gNxwjx"><div class="ValidationList__Centered-sc-zx6xp2-1 fOVA-Do"><div color="red" class="sc-bmzYkS hwfFMR"><svg color="red" width="20px" fill="none" viewBox="0 0 28 28" class="sc-kpDqfm dFcenU"><path fill-rule="evenodd" clip-rule="evenodd" d="M11.98 8.168c.898-1.555 3.142-1.555 4.04 0l5.387 9.331c.898 1.555-.224 3.5-2.02 3.5H8.613c-1.796 0-2.918-1.945-2.02-3.5l5.387-9.33Zm2.693.778a.778.778 0 0 0-1.346 0l-5.388 9.33a.778.778 0 0 0 .674 1.167h10.774a.778.778 0 0 0 .674-1.166l-5.388-9.331ZM14 11.667c.43 0 .778.348.778.778V14a.778.778 0 0 1-1.556 0v-1.555c0-.43.349-.778.778-.778Zm-.778 5.443c0-.43.349-.777.778-.777h.008a.778.778 0 0 1 0 1.555H14a.778.778 0 0 1-.778-.778Z"></path></svg><span color="inherit" class="sc-iGgWBj djeqlO">No Validado en Facephi</span></div><div class="Spacing__SpaceRight-sc-11df7di-0 bsMTuc"></div><span color="neutral" class="sc-iGgWBj emVxnH">El cliente no validó su identidad biométrica</span></div></div></div><div class="Spacing__SpaceTop-sc-11df7di-1 gIigKZ"></div></div></div><div class="Spacing__SpaceTop-sc-11df7di-1 fcjMYq"></div><table class="DataContainer__Table-sc-122pn0e-0 iBvYho"><tbody><tr><td><div class="DataContainer__Centered-sc-122pn0e-1 byuuFh"><span color="neutral" class="sc-iGgWBj emVxnH">Fecha de Nacimiento</span><div class="Spacing__SpaceRight-sc-11df7di-0 latkgH"></div><span class="sc-iGgWBj GArsk">1/23/1983</span></div></td></tr><tr><td><div class="DataContainer__Centered-sc-122pn0e-1 byuuFh"><span color="neutral" class="sc-iGgWBj emVxnH">Email</span><div class="Spacing__SpaceRight-sc-11df7di-0 latkgH"></div><span class="sc-iGgWBj GArsk">federico@gmail.com</span></div></td></tr><tr><td><div class="DataContainer__Centered-sc-122pn0e-1 byuuFh"><span color="neutral" class="sc-iGgWBj emVxnH">Dirección Legal</span><div class="Spacing__SpaceRight-sc-11df7di-0 latkgH"></div><span class="sc-iGgWBj GArsk">AV. Corrientes • 1700 • Neuquen</span></div></td></tr><tr><td><div class="DataContainer__Centered-sc-122pn0e-1 byuuFh"><span color="neutral" class="sc-iGgWBj emVxnH">Teléfono</span><div class="Spacing__SpaceRight-sc-11df7di-0 latkgH"></div><span class="sc-iGgWBj GArsk">356 - 55512345</span></div></td></tr><tr><td><div class="DataContainer__Centered-sc-122pn0e-1 byuuFh"><span color="neutral" class="sc-iGgWBj emVxnH">DNI</span><div class="Spacing__SpaceRight-sc-11df7di-0 latkgH"></div><span class="sc-iGgWBj GArsk">30000000</span></div></td></tr><tr><td><div class="DataContainer__Centered-sc-122pn0e-1 byuuFh"><span color="neutral" class="sc-iGgWBj emVxnH">Fecha de caducidad del documento</span><div class="Spacing__SpaceRight-sc-11df7di-0 latkgH"></div><span class="sc-iGgWBj GArsk">12/29/2023</span></div></td></tr></tbody></table></div></div></div></div>"`;
