// Jest Snapshot v1, https://goo.gl/fbAQLP

exports[`NavBar renders the NavBar component 1`] = `
{
  "asFragment": [Function],
  "baseElement": <body>
    <div>
      <div
        class="NavBar__Header-sc-8wifgb-0 gdDcDj"
      >
        <div
          class="sc-jsJBEP gDratY"
        >
          <div
            class="sc-eeDRCY uWSV"
          >
            <div
              class="NavBar__Logo-sc-8wifgb-1 jlULcu"
            >
              <a
                href="/"
              >
                <img
                  alt="Buscador de Clientes"
                  data-nimg="1"
                  decoding="async"
                  fetchpriority="high"
                  height="24"
                  src="/_next/image?url=%2Fstatic%2Fimages%2Flogo-fravega.png&w=384&q=75"
                  srcset="/_next/image?url=%2Fstatic%2Fimages%2Flogo-fravega.png&w=256&q=75 1x, /_next/image?url=%2Fstatic%2Fimages%2Flogo-fravega.png&w=384&q=75 2x"
                  style="color: transparent; margin-right: 12px;"
                  width="130"
                />
              </a>
              <div
                aria-level="5"
                class="sc-kAyceB iIRIPg"
                color="neutral"
                role="heading"
              >
                Buscador de Clientes
              </div>
            </div>
          </div>
          <div
            class="sc-eeDRCY fHgkUB"
          >
            <div
              class="NavBar__User-sc-8wifgb-2 hSvnZj"
            />
          </div>
        </div>
      </div>
    </div>
  </body>,
  "container": <div>
    <div
      class="NavBar__Header-sc-8wifgb-0 gdDcDj"
    >
      <div
        class="sc-jsJBEP gDratY"
      >
        <div
          class="sc-eeDRCY uWSV"
        >
          <div
            class="NavBar__Logo-sc-8wifgb-1 jlULcu"
          >
            <a
              href="/"
            >
              <img
                alt="Buscador de Clientes"
                data-nimg="1"
                decoding="async"
                fetchpriority="high"
                height="24"
                src="/_next/image?url=%2Fstatic%2Fimages%2Flogo-fravega.png&w=384&q=75"
                srcset="/_next/image?url=%2Fstatic%2Fimages%2Flogo-fravega.png&w=256&q=75 1x, /_next/image?url=%2Fstatic%2Fimages%2Flogo-fravega.png&w=384&q=75 2x"
                style="color: transparent; margin-right: 12px;"
                width="130"
              />
            </a>
            <div
              aria-level="5"
              class="sc-kAyceB iIRIPg"
              color="neutral"
              role="heading"
            >
              Buscador de Clientes
            </div>
          </div>
        </div>
        <div
          class="sc-eeDRCY fHgkUB"
        >
          <div
            class="NavBar__User-sc-8wifgb-2 hSvnZj"
          />
        </div>
      </div>
    </div>
  </div>,
  "debug": [Function],
  "findAllByAltText": [Function],
  "findAllByDisplayValue": [Function],
  "findAllByLabelText": [Function],
  "findAllByPlaceholderText": [Function],
  "findAllByRole": [Function],
  "findAllByTestId": [Function],
  "findAllByText": [Function],
  "findAllByTitle": [Function],
  "findByAltText": [Function],
  "findByDisplayValue": [Function],
  "findByLabelText": [Function],
  "findByPlaceholderText": [Function],
  "findByRole": [Function],
  "findByTestId": [Function],
  "findByText": [Function],
  "findByTitle": [Function],
  "getAllByAltText": [Function],
  "getAllByDisplayValue": [Function],
  "getAllByLabelText": [Function],
  "getAllByPlaceholderText": [Function],
  "getAllByRole": [Function],
  "getAllByTestId": [Function],
  "getAllByText": [Function],
  "getAllByTitle": [Function],
  "getByAltText": [Function],
  "getByDisplayValue": [Function],
  "getByLabelText": [Function],
  "getByPlaceholderText": [Function],
  "getByRole": [Function],
  "getByTestId": [Function],
  "getByText": [Function],
  "getByTitle": [Function],
  "queryAllByAltText": [Function],
  "queryAllByDisplayValue": [Function],
  "queryAllByLabelText": [Function],
  "queryAllByPlaceholderText": [Function],
  "queryAllByRole": [Function],
  "queryAllByTestId": [Function],
  "queryAllByText": [Function],
  "queryAllByTitle": [Function],
  "queryByAltText": [Function],
  "queryByDisplayValue": [Function],
  "queryByLabelText": [Function],
  "queryByPlaceholderText": [Function],
  "queryByRole": [Function],
  "queryByTestId": [Function],
  "queryByText": [Function],
  "queryByTitle": [Function],
  "rerender": [Function],
  "unmount": [Function],
}
`;
