// Jest Snapshot v1, https://goo.gl/fbAQLP

exports[`Welcome renders the Welcome component 1`] = `
{
  "asFragment": [Function],
  "baseElement": <body>
    <div>
      <div
        class="Welcome__Block-sc-wpgyj9-0 bKeliw"
      >
        <div
          aria-level="2"
          class="sc-kAyceB ceJMiP"
          role="heading"
        >
          Te damos la bienvenida al buscador de clientes
        </div>
        <span
          class="sc-iGgWBj emVxnH"
          color="neutral"
        >
          Podés encontrar clientes buscando por tipo y número de documento o Email
        </span>
      </div>
    </div>
  </body>,
  "container": <div>
    <div
      class="Welcome__Block-sc-wpgyj9-0 bKeliw"
    >
      <div
        aria-level="2"
        class="sc-kAyceB ceJMiP"
        role="heading"
      >
        Te damos la bienvenida al buscador de clientes
      </div>
      <span
        class="sc-iGgWBj emVxnH"
        color="neutral"
      >
        Podés encontrar clientes buscando por tipo y número de documento o Email
      </span>
    </div>
  </div>,
  "debug": [Function],
  "findAllByAltText": [Function],
  "findAllByDisplayValue": [Function],
  "findAllByLabelText": [Function],
  "findAllByPlaceholderText": [Function],
  "findAllByRole": [Function],
  "findAllByTestId": [Function],
  "findAllByText": [Function],
  "findAllByTitle": [Function],
  "findByAltText": [Function],
  "findByDisplayValue": [Function],
  "findByLabelText": [Function],
  "findByPlaceholderText": [Function],
  "findByRole": [Function],
  "findByTestId": [Function],
  "findByText": [Function],
  "findByTitle": [Function],
  "getAllByAltText": [Function],
  "getAllByDisplayValue": [Function],
  "getAllByLabelText": [Function],
  "getAllByPlaceholderText": [Function],
  "getAllByRole": [Function],
  "getAllByTestId": [Function],
  "getAllByText": [Function],
  "getAllByTitle": [Function],
  "getByAltText": [Function],
  "getByDisplayValue": [Function],
  "getByLabelText": [Function],
  "getByPlaceholderText": [Function],
  "getByRole": [Function],
  "getByTestId": [Function],
  "getByText": [Function],
  "getByTitle": [Function],
  "queryAllByAltText": [Function],
  "queryAllByDisplayValue": [Function],
  "queryAllByLabelText": [Function],
  "queryAllByPlaceholderText": [Function],
  "queryAllByRole": [Function],
  "queryAllByTestId": [Function],
  "queryAllByText": [Function],
  "queryAllByTitle": [Function],
  "queryByAltText": [Function],
  "queryByDisplayValue": [Function],
  "queryByLabelText": [Function],
  "queryByPlaceholderText": [Function],
  "queryByRole": [Function],
  "queryByTestId": [Function],
  "queryByText": [Function],
  "queryByTitle": [Function],
  "rerender": [Function],
  "unmount": [Function],
}
`;
