// Jest Snapshot v1, https://goo.gl/fbAQLP

exports[`DataContainer renders the DataContainer component 1`] = `
{
  "asFragment": [Function],
  "baseElement": <body>
    <div>
      <table
        class="DataContainer__Table-sc-122pn0e-0 dPZjvX"
      >
        <tbody>
          <tr>
            <td>
              <div
                class="DataContainer__Centered-sc-122pn0e-1 byuuFh"
              >
                <p
                  class="sc-gsFSXq btaipV"
                  color="neutral"
                >
                  label
                </p>
                <div
                  class="Spacing__SpaceRight-sc-11df7di-0 latkgH"
                />
                <p
                  class="sc-gsFSXq fJmkby"
                >
                  value
                </p>
              </div>
            </td>
            <td>
              <div
                class="DataContainer__Centered-sc-122pn0e-1 byuuFh"
              >
                <p
                  class="sc-gsFSXq btaipV"
                  color="neutral"
                >
                  label
                </p>
                <div
                  class="Spacing__SpaceRight-sc-11df7di-0 latkgH"
                />
                <p
                  class="sc-gsFSXq fJmkby"
                >
                  value
                </p>
              </div>
            </td>
            <td>
              <div
                class="DataContainer__Centered-sc-122pn0e-1 byuuFh"
              >
                <p
                  class="sc-gsFSXq btaipV"
                  color="neutral"
                >
                  label
                </p>
                <div
                  class="Spacing__SpaceRight-sc-11df7di-0 latkgH"
                />
                <p
                  class="sc-gsFSXq fJmkby"
                >
                  value
                </p>
              </div>
            </td>
            <td>
              <div
                class="DataContainer__Centered-sc-122pn0e-1 byuuFh"
              >
                <p
                  class="sc-gsFSXq btaipV"
                  color="neutral"
                >
                  label
                </p>
                <div
                  class="Spacing__SpaceRight-sc-11df7di-0 latkgH"
                />
                <p
                  class="sc-gsFSXq fJmkby"
                >
                  value
                </p>
              </div>
            </td>
          </tr>
          <tr>
            <td>
              <div
                class="DataContainer__Centered-sc-122pn0e-1 byuuFh"
              >
                <p
                  class="sc-gsFSXq btaipV"
                  color="neutral"
                >
                  label
                </p>
                <div
                  class="Spacing__SpaceRight-sc-11df7di-0 latkgH"
                />
                <p
                  class="sc-gsFSXq fJmkby"
                >
                  value
                </p>
              </div>
            </td>
            <td>
              <div
                class="DataContainer__Centered-sc-122pn0e-1 byuuFh"
              >
                <p
                  class="sc-gsFSXq btaipV"
                  color="neutral"
                >
                  label
                </p>
                <div
                  class="Spacing__SpaceRight-sc-11df7di-0 latkgH"
                />
                <p
                  class="sc-gsFSXq fJmkby"
                >
                  value
                </p>
              </div>
            </td>
            <td>
              <div
                class="DataContainer__Centered-sc-122pn0e-1 byuuFh"
              >
                <p
                  class="sc-gsFSXq btaipV"
                  color="neutral"
                >
                  label
                </p>
                <div
                  class="Spacing__SpaceRight-sc-11df7di-0 latkgH"
                />
                <p
                  class="sc-gsFSXq fJmkby"
                >
                  value
                </p>
              </div>
            </td>
            <td>
              <div
                class="DataContainer__Centered-sc-122pn0e-1 byuuFh"
              >
                <p
                  class="sc-gsFSXq btaipV"
                  color="neutral"
                >
                  label
                </p>
                <div
                  class="Spacing__SpaceRight-sc-11df7di-0 latkgH"
                />
                <p
                  class="sc-gsFSXq fJmkby"
                >
                  value
                </p>
              </div>
            </td>
          </tr>
        </tbody>
      </table>
    </div>
  </body>,
  "container": <div>
    <table
      class="DataContainer__Table-sc-122pn0e-0 dPZjvX"
    >
      <tbody>
        <tr>
          <td>
            <div
              class="DataContainer__Centered-sc-122pn0e-1 byuuFh"
            >
              <p
                class="sc-gsFSXq btaipV"
                color="neutral"
              >
                label
              </p>
              <div
                class="Spacing__SpaceRight-sc-11df7di-0 latkgH"
              />
              <p
                class="sc-gsFSXq fJmkby"
              >
                value
              </p>
            </div>
          </td>
          <td>
            <div
              class="DataContainer__Centered-sc-122pn0e-1 byuuFh"
            >
              <p
                class="sc-gsFSXq btaipV"
                color="neutral"
              >
                label
              </p>
              <div
                class="Spacing__SpaceRight-sc-11df7di-0 latkgH"
              />
              <p
                class="sc-gsFSXq fJmkby"
              >
                value
              </p>
            </div>
          </td>
          <td>
            <div
              class="DataContainer__Centered-sc-122pn0e-1 byuuFh"
            >
              <p
                class="sc-gsFSXq btaipV"
                color="neutral"
              >
                label
              </p>
              <div
                class="Spacing__SpaceRight-sc-11df7di-0 latkgH"
              />
              <p
                class="sc-gsFSXq fJmkby"
              >
                value
              </p>
            </div>
          </td>
          <td>
            <div
              class="DataContainer__Centered-sc-122pn0e-1 byuuFh"
            >
              <p
                class="sc-gsFSXq btaipV"
                color="neutral"
              >
                label
              </p>
              <div
                class="Spacing__SpaceRight-sc-11df7di-0 latkgH"
              />
              <p
                class="sc-gsFSXq fJmkby"
              >
                value
              </p>
            </div>
          </td>
        </tr>
        <tr>
          <td>
            <div
              class="DataContainer__Centered-sc-122pn0e-1 byuuFh"
            >
              <p
                class="sc-gsFSXq btaipV"
                color="neutral"
              >
                label
              </p>
              <div
                class="Spacing__SpaceRight-sc-11df7di-0 latkgH"
              />
              <p
                class="sc-gsFSXq fJmkby"
              >
                value
              </p>
            </div>
          </td>
          <td>
            <div
              class="DataContainer__Centered-sc-122pn0e-1 byuuFh"
            >
              <p
                class="sc-gsFSXq btaipV"
                color="neutral"
              >
                label
              </p>
              <div
                class="Spacing__SpaceRight-sc-11df7di-0 latkgH"
              />
              <p
                class="sc-gsFSXq fJmkby"
              >
                value
              </p>
            </div>
          </td>
          <td>
            <div
              class="DataContainer__Centered-sc-122pn0e-1 byuuFh"
            >
              <p
                class="sc-gsFSXq btaipV"
                color="neutral"
              >
                label
              </p>
              <div
                class="Spacing__SpaceRight-sc-11df7di-0 latkgH"
              />
              <p
                class="sc-gsFSXq fJmkby"
              >
                value
              </p>
            </div>
          </td>
          <td>
            <div
              class="DataContainer__Centered-sc-122pn0e-1 byuuFh"
            >
              <p
                class="sc-gsFSXq btaipV"
                color="neutral"
              >
                label
              </p>
              <div
                class="Spacing__SpaceRight-sc-11df7di-0 latkgH"
              />
              <p
                class="sc-gsFSXq fJmkby"
              >
                value
              </p>
            </div>
          </td>
        </tr>
      </tbody>
    </table>
  </div>,
  "debug": [Function],
  "findAllByAltText": [Function],
  "findAllByDisplayValue": [Function],
  "findAllByLabelText": [Function],
  "findAllByPlaceholderText": [Function],
  "findAllByRole": [Function],
  "findAllByTestId": [Function],
  "findAllByText": [Function],
  "findAllByTitle": [Function],
  "findByAltText": [Function],
  "findByDisplayValue": [Function],
  "findByLabelText": [Function],
  "findByPlaceholderText": [Function],
  "findByRole": [Function],
  "findByTestId": [Function],
  "findByText": [Function],
  "findByTitle": [Function],
  "getAllByAltText": [Function],
  "getAllByDisplayValue": [Function],
  "getAllByLabelText": [Function],
  "getAllByPlaceholderText": [Function],
  "getAllByRole": [Function],
  "getAllByTestId": [Function],
  "getAllByText": [Function],
  "getAllByTitle": [Function],
  "getByAltText": [Function],
  "getByDisplayValue": [Function],
  "getByLabelText": [Function],
  "getByPlaceholderText": [Function],
  "getByRole": [Function],
  "getByTestId": [Function],
  "getByText": [Function],
  "getByTitle": [Function],
  "queryAllByAltText": [Function],
  "queryAllByDisplayValue": [Function],
  "queryAllByLabelText": [Function],
  "queryAllByPlaceholderText": [Function],
  "queryAllByRole": [Function],
  "queryAllByTestId": [Function],
  "queryAllByText": [Function],
  "queryAllByTitle": [Function],
  "queryByAltText": [Function],
  "queryByDisplayValue": [Function],
  "queryByLabelText": [Function],
  "queryByPlaceholderText": [Function],
  "queryByRole": [Function],
  "queryByTestId": [Function],
  "queryByText": [Function],
  "queryByTitle": [Function],
  "rerender": [Function],
  "unmount": [Function],
}
`;
